src/components/market/PriceCard.tsx(98,21): error TS2339: Property 'changePercent' does not exist on type 'Market'.
src/components/market/PriceCard.tsx(99,21): error TS2339: Property 'changePercent' does not exist on type 'Market'.
src/pages/KnowledgePage.tsx(4,41): error TS2307: Cannot find module 'framer-motion' or its corresponding type declarations.
src/pages/KnowledgePage.tsx(40,9): error TS18048: 'content' is possibly 'undefined'.
src/pages/KnowledgePage.tsx(125,20): error TS18048: 'content' is possibly 'undefined'.
src/pages/KnowledgePage.tsx(152,25): error TS7006: Parameter 'e' implicitly has an 'any' type.
src/pages/KnowledgePage.tsx(174,67): error TS2532: Object is possibly 'undefined'.
src/pages/KnowledgePage.tsx(175,68): error TS2532: Object is possibly 'undefined'.
src/pages/KnowledgePage.tsx(176,69): error TS2532: Object is possibly 'undefined'.
src/pages/MarketPage.tsx(215,54): error TS2339: Property 'min' does not exist on type 'PriceAnalysis'.
src/pages/MarketPage.tsx(221,54): error TS2339: Property 'max' does not exist on type 'PriceAnalysis'.
